2026-09-04 18:01:35 | run=start | retention_days=90 | rotated_lines=0
2026-09-04 18:03:58 | step=watchlist_scan | status=ok | elapsed=142.4s | journal_rows=4083->4100 (+17)
2026-09-04 18:04:09 | step=f2b_annotate | status=ok | elapsed=11.6s | gate_sidecar_rows=4083->4100 (+17)
2026-09-04 18:04:11 | step=mm_shadow_record | status=ok | elapsed=1.8s | shadow_rows=9->15 (+6)
2026-09-04 18:04:11 | run=end | steps_ok=3/3 | elapsed=155.8s
2026-09-04 18:04:41 | run=start | retention_days=90 | rotated_lines=0
2026-09-04 18:07:06 | step=watchlist_scan | status=ok | elapsed=144.7s | journal_rows=4100->4100 (+0)
2026-09-04 18:07:17 | step=f2b_annotate | status=ok | elapsed=11.6s | gate_sidecar_rows=4100->4100 (+0)
2026-09-04 18:07:19 | step=mm_shadow_record | status=ok | elapsed=1.9s | shadow_rows=15->15 (+0)
2026-09-04 18:07:19 | run=end | steps_ok=3/3 | elapsed=158.2s
2026-09-07 09:52:32 | run=start | retention_days=90 | rotated_lines=0
2026-09-07 09:55:11 | step=watchlist_scan | status=ok | elapsed=158.3s | journal_rows=4100->4115 (+15)
2026-09-07 09:55:24 | step=f2b_annotate | status=ok | elapsed=13.2s | gate_sidecar_rows=4100->4115 (+15)
2026-09-07 09:55:26 | step=mm_shadow_record | status=ok | elapsed=1.9s | shadow_rows=15->24 (+9)
2026-09-07 09:55:26 | run=end | steps_ok=3/3 | elapsed=173.4s
2026-09-08 09:52:58 | run=start | retention_days=90 | rotated_lines=0
2026-09-08 09:53:06 | step=watchlist_scan | status=failed | elapsed=7.4s | reason=validation/wave_live_watchlist_sweep.py rc=3221225786 2026-09-08 09:53:05.716 WARNING streamlit.runtime.scriptrunner_utils.script_run_context: Thread 'MainThread': missing ScriptRunContext! This warni
2026-09-09 10:06:34 | run=start | retention_days=90 | rotated_lines=0
2026-09-10 09:30:01 | run=start | retention_days=90 | rotated_lines=0
2026-09-10 09:32:25 | step=watchlist_scan | status=ok | elapsed=143.6s | journal_rows=4115->3880 (+-235)
2026-09-10 09:32:37 | step=f2b_annotate | status=ok | elapsed=12.0s | gate_sidecar_rows=4115->3880 (+-235)
2026-09-10 09:32:39 | step=mm_shadow_record | status=ok | elapsed=1.9s | shadow_rows=24->37 (+13)
2026-09-10 09:32:39 | run=end | steps_ok=3/3 | elapsed=157.4s
2026-09-11 09:30:01 | run=start | retention_days=90 | rotated_lines=0
2026-09-14 09:30:02 | run=start | retention_days=90 | rotated_lines=0
2026-09-15 09:30:01 | run=start | retention_days=90 | rotated_lines=0
2026-09-15 09:32:26 | step=watchlist_scan | status=ok | elapsed=145.2s | journal_rows=3880->3714 (+-166)
2026-09-15 09:32:38 | step=f2b_annotate | status=ok | elapsed=11.7s | gate_sidecar_rows=3880->3714 (+-166)
2026-09-15 09:32:40 | step=mm_shadow_record | status=ok | elapsed=1.9s | shadow_rows=37->53 (+16)
2026-09-15 09:32:40 | run=end | steps_ok=3/3 | elapsed=158.9s
2026-09-16 10:24:13 | run=start | retention_days=90 | rotated_lines=0
2026-09-17 09:30:02 | run=start | retention_days=90 | rotated_lines=0
2026-09-17 09:32:59 | step=watchlist_scan | status=ok | elapsed=177.3s | journal_rows=3714->3724 (+10)
2026-09-17 09:33:14 | step=f2b_annotate | status=ok | elapsed=14.7s | gate_sidecar_rows=3714->3724 (+10)
2026-09-17 09:33:16 | step=mm_shadow_record | status=ok | elapsed=2.8s | shadow_rows=53->62 (+9)
2026-09-17 09:33:16 | run=end | steps_ok=3/3 | elapsed=194.8s
2026-09-18 10:00:41 | run=start | retention_days=90 | rotated_lines=0
2026-09-21 09:22:54 | run=start | retention_days=90 | rotated_lines=0
2026-09-21 09:30:02 | run=start | retention_days=90 | rotated_lines=0
2026-09-21 09:32:24 | step=watchlist_scan | status=ok | elapsed=142.3s | journal_rows=3724->3879 (+155)
2026-09-21 09:32:36 | step=f2b_annotate | status=ok | elapsed=11.6s | gate_sidecar_rows=3724->3879 (+155)
2026-09-21 09:32:38 | step=mm_shadow_record | status=ok | elapsed=2.1s | shadow_rows=62->75 (+13)
2026-09-21 09:32:38 | run=end | steps_ok=3/3 | elapsed=156.0s
